// Jest Snapshot v1, https://goo.gl/fbAQLP

exports[`antd dist files exports modules correctly 1`] = `
Array [
  "Divider",
  "version",
]
`;
